[INFO] Scanning for projects...
[INFO] 
[INFO] ----------------------< com.karvya:karvya-store >-----------------------
[INFO] Building karvya-store 1.0.0-SNAPSHOT
[INFO]   from pom.xml
[INFO] --------------------------------[ jar ]---------------------------------
[INFO] 
[INFO] --- resources:3.3.1:resources (default-resources) @ karvya-store ---
[INFO] Copying 3 resources from src\main\resources to target\classes
[INFO] Copying 8 resources from src\main\resources to target\classes
[INFO] 
[INFO] --- compiler:3.14.0:compile (default-compile) @ karvya-store ---
[INFO] Nothing to compile - all classes are up to date.
[INFO] 
[INFO] --- resources:3.3.1:testResources (default-testResources) @ karvya-store ---
[INFO] Copying 1 resource from src\test\resources to target\test-classes
[INFO] 
[INFO] --- compiler:3.14.0:testCompile (default-testCompile) @ karvya-store ---
[INFO] Nothing to compile - all classes are up to date.
[INFO] 
[INFO] --- surefire:3.5.3:test (default-test) @ karvya-store ---
[INFO] Using auto detected provider org.apache.maven.surefire.junitplatform.JUnitPlatformProvider
[INFO] 
[INFO] -------------------------------------------------------
[INFO]  T E S T S
[INFO] -------------------------------------------------------
[INFO] Running com.karvya.store.web.AdminCatalogueIntegrationTest
07:33:32.436 [main] INFO org.springframework.test.context.support.AnnotationConfigContextLoaderUtils -- Could not detect default configuration classes for test class [com.karvya.store.web.AdminCatalogueIntegrationTest]: AdminCatalogueIntegrationTest does not declare any static, non-private, non-final, nested classes annotated with @Configuration.
07:33:32.654 [main] INFO org.springframework.boot.test.context.SpringBootTestContextBootstrapper -- Found @SpringBootConfiguration com.karvya.store.KarvyaApplication for test class com.karvya.store.web.AdminCatalogueIntegrationTest
07:33:32.778 [main] INFO org.testcontainers.images.PullPolicy -- Image pull policy will be performed by: DefaultPullPolicy()
07:33:32.781 [main] INFO org.testcontainers.utility.ImageNameSubstitutor -- Image name substitution will be performed by: DefaultImageNameSubstitutor (composite of 'ConfigurationFileImageNameSubstitutor' and 'PrefixingImageNameSubstitutor')
07:33:32.835 [main] INFO org.testcontainers.DockerClientFactory -- Testcontainers version: 1.21.3
07:33:32.982 [main] INFO org.testcontainers.dockerclient.DockerClientProviderStrategy -- Loaded org.testcontainers.dockerclient.NpipeSocketClientProviderStrategy from ~/.testcontainers.properties, will try it first
07:33:33.209 [main] INFO org.testcontainers.dockerclient.DockerClientProviderStrategy -- Found Docker environment with local Npipe socket (npipe:////./pipe/docker_engine)
07:33:33.211 [main] INFO org.testcontainers.DockerClientFactory -- Docker host IP address is localhost
07:33:33.273 [main] INFO org.testcontainers.DockerClientFactory -- Connected to docker: 
  Server Version: 28.3.2
  API Version: 1.51
  Operating System: Docker Desktop
  Total Memory: 7818 MB
  Labels: 
    com.docker.desktop.address=npipe://\\.\pipe\docker_cli
07:33:33.339 [main] INFO tc.testcontainers/ryuk:0.12.0 -- Creating container for image: testcontainers/ryuk:0.12.0
07:33:33.407 [main] INFO org.testcontainers.utility.RegistryAuthLocator -- Credential helper/store (docker-credential-desktop) does not have credentials for https://index.docker.io/v1/
07:33:33.535 [main] INFO tc.testcontainers/ryuk:0.12.0 -- Container testcontainers/ryuk:0.12.0 is starting: 38413dc95f58a3817898cd2657962255f213a90d633f307438ef5fbcfcf05b90
07:33:33.883 [main] INFO tc.testcontainers/ryuk:0.12.0 -- Container testcontainers/ryuk:0.12.0 started in PT0.5431734S
07:33:33.890 [main] INFO org.testcontainers.utility.RyukResourceReaper -- Ryuk started - will monitor and terminate Testcontainers containers on JVM exit
07:33:33.890 [main] INFO org.testcontainers.DockerClientFactory -- Checking the system...
07:33:33.890 [main] INFO org.testcontainers.DockerClientFactory -- ?? Docker server version should be at least 1.6.0
07:33:33.891 [main] INFO tc.postgres:17.5-alpine -- Creating container for image: postgres:17.5-alpine
07:33:33.972 [main] INFO tc.postgres:17.5-alpine -- Container postgres:17.5-alpine is starting: 0c991fac1c8d1f6490d858f3f0398bbac8b805c3fee2e923cf8a6f5a63c166e1
07:33:35.343 [main] INFO tc.postgres:17.5-alpine -- Container postgres:17.5-alpine started in PT1.452288S
07:33:35.344 [main] INFO tc.postgres:17.5-alpine -- Container is started (JDBC URL: jdbc:postgresql://localhost:50460/karvya_test?loggerLevel=OFF)

  .   ____          _            __ _ _
 /\\ / ___'_ __ _ _(_)_ __  __ _ \ \ \ \
( ( )\___ | '_ | '_| | '_ \/ _` | \ \ \ \
 \\/  ___)| |_)| | | | | || (_| |  ) ) ) )
  '  |____| .__|_| |_|_| |_\__, | / / / /
 =========|_|==============|___/=/_/_/_/

 :: Spring Boot ::                (v3.5.4)

2026-08-29T07:33:35.616+03:00  INFO 25268 --- [karvya-store] [           main] c.k.s.web.AdminCatalogueIntegrationTest  : Starting AdminCatalogueIntegrationTest using Java 21.0.8 with PID 25268 (started by Dell in E:\karvya\backend)
2026-08-29T07:33:35.618+03:00  INFO 25268 --- [karvya-store] [           main] c.k.s.web.AdminCatalogueIntegrationTest  : The following 1 profile is active: "test"
2026-08-29T07:33:41.703+03:00  INFO 25268 --- [karvya-store] [           main] c.k.s.i.media.LocalFileSystemStorage     : Media directory: E:\karvya\backend\target\test-media
2026-08-29T07:33:43.888+03:00  INFO 25268 --- [karvya-store] [           main] c.k.s.web.AdminCatalogueIntegrationTest  : Started AdminCatalogueIntegrationTest in 8.523 seconds (process running for 12.023)
2026-08-29T07:33:44.092+03:00  WARN 25268 --- [karvya-store] [           main] c.k.s.i.c.BootstrapAdminInitializer      : No administrator exists and APP_ADMIN_PASSWORD is not set. Set APP_ADMIN_USERNAME, APP_ADMIN_EMAIL and APP_ADMIN_PASSWORD, then restart, to create the first administrator.
Mockito is currently self-attaching to enable the inline-mock-maker. This will no longer work in future releases of the JDK. Please add Mockito as an agent to your build as described in Mockito's documentation: https://javadoc.io/doc/org.mockito/mockito-core/latest/org.mockito/org/mockito/Mockito.html#0.3
OpenJDK 64-Bit Server VM warning: Sharing is only supported for boot loader classes because bootstrap classpath has been appended
WARNING: A Java agent has been loaded dynamically (C:\Users\Dell\.m2\repository\net\bytebuddy\byte-buddy-agent\1.17.6\byte-buddy-agent-1.17.6.jar)
WARNING: If a serviceability tool is in use, please run with -XX:+EnableDynamicAgentLoading to hide this warning
WARNING: If a serviceability tool is not in use, please run with -Djdk.instrument.traceUsage for more information
WARNING: Dynamic loading of agents will be disallowed by default in a future release
2026-08-29T07:33:45.970+03:00  INFO 25268 --- [karvya-store] [           main] c.k.s.a.order.PlaceOrderService          : Order KV-260829-Y9V1 placed with 1 lines, total 1250.00
2026-08-29T07:33:46.363+03:00  INFO 25268 --- [karvya-store] [           main] c.k.s.a.enquiry.EnquiryService           : Enquiry 1 received from triage@example.com
2026-08-29T07:33:46.618+03:00  INFO 25268 --- [karvya-store] [           main] c.k.s.a.enquiry.EnquiryService           : Enquiry 2 received from priya@example.com
2026-08-29T07:33:47.115+03:00  INFO 25268 --- [karvya-store] [           main] c.k.s.a.enquiry.EnquiryService           : Discarded a contact submission that filled the honeypot, from 127.0.0.1
2026-08-29T07:33:47.549+03:00  INFO 25268 --- [karvya-store] [           main] c.k.s.a.admin.AdminProductService        : Added image products/kv-img-01/bad4e09a-941a-45b4-96e5-6b1489f332be.png to product KV-IMG-01
2026-08-29T07:33:47.636+03:00  INFO 25268 --- [karvya-store] [           main] c.k.s.a.admin.AdminProductService        : Added image products/kv-img-01/39a17ddc-d603-42ad-bfa5-46faf5be8270.png to product KV-IMG-01
[INFO] Tests run: 12, Failures: 0, Errors: 0, Skipped: 0, Time elapsed: 15.69 s -- in com.karvya.store.web.AdminCatalogueIntegrationTest
[INFO] 
[INFO] Results:
[INFO] 
[INFO] Tests run: 12, Failures: 0, Errors: 0, Skipped: 0
[INFO] 
[INFO] ------------------------------------------------------------------------
[INFO] BUILD SUCCESS
[INFO] ------------------------------------------------------------------------
[INFO] Total time:  19.002 s
[INFO] Finished at: 2026-08-29T07:33:48+03:00
[INFO] ------------------------------------------------------------------------
