[INFO] Scanning for projects...
[INFO] 
[INFO] ----------------------< com.karvya:karvya-store >-----------------------
[INFO] Building karvya-store 1.0.0-SNAPSHOT
[INFO]   from pom.xml
[INFO] --------------------------------[ jar ]---------------------------------
[INFO] 
[INFO] --- resources:3.3.1:resources (default-resources) @ karvya-store ---
[INFO] Copying 3 resources from src\main\resources to target\classes
[INFO] Copying 3 resources from src\main\resources to target\classes
[INFO] 
[INFO] --- compiler:3.14.0:compile (default-compile) @ karvya-store ---
[INFO] Nothing to compile - all classes are up to date.
[INFO] 
[INFO] --- resources:3.3.1:testResources (default-testResources) @ karvya-store ---
[INFO] Copying 1 resource from src\test\resources to target\test-classes
[INFO] 
[INFO] --- compiler:3.14.0:testCompile (default-testCompile) @ karvya-store ---
[INFO] Nothing to compile - all classes are up to date.
[INFO] 
[INFO] --- surefire:3.5.3:test (default-test) @ karvya-store ---
[INFO] Using auto detected provider org.apache.maven.surefire.junitplatform.JUnitPlatformProvider
[INFO] 
[INFO] -------------------------------------------------------
[INFO]  T E S T S
[INFO] -------------------------------------------------------
[INFO] Running com.karvya.store.web.OrderIntegrationTest
06:53:00.131 [main] INFO org.springframework.test.context.support.AnnotationConfigContextLoaderUtils -- Could not detect default configuration classes for test class [com.karvya.store.web.OrderIntegrationTest]: OrderIntegrationTest does not declare any static, non-private, non-final, nested classes annotated with @Configuration.
06:53:00.332 [main] INFO org.springframework.boot.test.context.SpringBootTestContextBootstrapper -- Found @SpringBootConfiguration com.karvya.store.KarvyaApplication for test class com.karvya.store.web.OrderIntegrationTest
06:53:00.460 [main] INFO org.testcontainers.images.PullPolicy -- Image pull policy will be performed by: DefaultPullPolicy()
06:53:00.463 [main] INFO org.testcontainers.utility.ImageNameSubstitutor -- Image name substitution will be performed by: DefaultImageNameSubstitutor (composite of 'ConfigurationFileImageNameSubstitutor' and 'PrefixingImageNameSubstitutor')
06:53:00.513 [main] INFO org.testcontainers.DockerClientFactory -- Testcontainers version: 1.21.3
06:53:00.660 [main] INFO org.testcontainers.dockerclient.DockerClientProviderStrategy -- Loaded org.testcontainers.dockerclient.NpipeSocketClientProviderStrategy from ~/.testcontainers.properties, will try it first
06:53:00.886 [main] INFO org.testcontainers.dockerclient.DockerClientProviderStrategy -- Found Docker environment with local Npipe socket (npipe:////./pipe/docker_engine)
06:53:00.889 [main] INFO org.testcontainers.DockerClientFactory -- Docker host IP address is localhost
06:53:00.909 [main] INFO org.testcontainers.DockerClientFactory -- Connected to docker: 
  Server Version: 28.3.2
  API Version: 1.51
  Operating System: Docker Desktop
  Total Memory: 7818 MB
  Labels: 
    com.docker.desktop.address=npipe://\\.\pipe\docker_cli
06:53:00.986 [main] INFO tc.testcontainers/ryuk:0.12.0 -- Creating container for image: testcontainers/ryuk:0.12.0
06:53:01.061 [main] INFO org.testcontainers.utility.RegistryAuthLocator -- Credential helper/store (docker-credential-desktop) does not have credentials for https://index.docker.io/v1/
06:53:01.241 [main] INFO tc.testcontainers/ryuk:0.12.0 -- Container testcontainers/ryuk:0.12.0 is starting: dd637fcccadaf7fbdc901b0477249450293756757fa24f1b2f7b79dcf3478ed7
06:53:01.608 [main] INFO tc.testcontainers/ryuk:0.12.0 -- Container testcontainers/ryuk:0.12.0 started in PT0.6217172S
06:53:01.615 [main] INFO org.testcontainers.utility.RyukResourceReaper -- Ryuk started - will monitor and terminate Testcontainers containers on JVM exit
06:53:01.615 [main] INFO org.testcontainers.DockerClientFactory -- Checking the system...
06:53:01.615 [main] INFO org.testcontainers.DockerClientFactory -- ?? Docker server version should be at least 1.6.0
06:53:01.616 [main] INFO tc.postgres:17.5-alpine -- Creating container for image: postgres:17.5-alpine
06:53:01.786 [main] INFO tc.postgres:17.5-alpine -- Container postgres:17.5-alpine is starting: 78b73a979f841cf43664736cf1c3ae4c13e4bf3086280217bd0c683544383f02
06:53:03.056 [main] INFO tc.postgres:17.5-alpine -- Container postgres:17.5-alpine started in PT1.4391902S
06:53:03.056 [main] INFO tc.postgres:17.5-alpine -- Container is started (JDBC URL: jdbc:postgresql://localhost:65474/karvya_test?loggerLevel=OFF)

  .   ____          _            __ _ _
 /\\ / ___'_ __ _ _(_)_ __  __ _ \ \ \ \
( ( )\___ | '_ | '_| | '_ \/ _` | \ \ \ \
 \\/  ___)| |_)| | | | | || (_| |  ) ) ) )
  '  |____| .__|_| |_|_| |_\__, | / / / /
 =========|_|==============|___/=/_/_/_/

 :: Spring Boot ::                (v3.5.4)

2026-08-29T06:53:03.681+03:00  INFO 7572 --- [karvya-store] [           main] c.karvya.store.web.OrderIntegrationTest  : Starting OrderIntegrationTest using Java 21.0.8 with PID 7572 (started by Dell in E:\karvya\backend)
2026-08-29T06:53:03.684+03:00  INFO 7572 --- [karvya-store] [           main] c.karvya.store.web.OrderIntegrationTest  : The following 1 profile is active: "test"
2026-08-29T06:53:14.689+03:00  WARN 7572 --- [karvya-store] [           main] o.s.w.s.resource.ResourceHandlerUtils    : Appended trailing slash to static resource location: file:///E:/karvya/backend/target/test-media/
2026-08-29T06:53:15.484+03:00  WARN 7572 --- [karvya-store] [           main] ion$DefaultTemplateResolverConfiguration : Cannot find template location: classpath:/templates/ (please add some templates, check your Thymeleaf configuration, or set spring.thymeleaf.check-template-location=false)
2026-08-29T06:53:16.610+03:00  INFO 7572 --- [karvya-store] [           main] c.karvya.store.web.OrderIntegrationTest  : Started OrderIntegrationTest in 13.517 seconds (process running for 17.171)
Mockito is currently self-attaching to enable the inline-mock-maker. This will no longer work in future releases of the JDK. Please add Mockito as an agent to your build as described in Mockito's documentation: https://javadoc.io/doc/org.mockito/mockito-core/latest/org.mockito/org/mockito/Mockito.html#0.3
WARNING: A Java agent has been loaded dynamically (C:\Users\Dell\.m2\repository\net\bytebuddy\byte-buddy-agent\1.17.6\byte-buddy-agent-1.17.6.jar)
WARNING: If a serviceability tool is in use, please run with -XX:+EnableDynamicAgentLoading to hide this warning
WARNING: If a serviceability tool is not in use, please run with -Djdk.instrument.traceUsage for more information
WARNING: Dynamic loading of agents will be disallowed by default in a future release
OpenJDK 64-Bit Server VM warning: Sharing is only supported for boot loader classes because bootstrap classpath has been appended
2026-08-29T06:53:17.578+03:00  INFO 7572 --- [karvya-store] [pool-3-thread-6] c.k.s.a.order.PlaceOrderService          : Order KV-260829-AKJ3 placed with 1 lines, total 1650.00
2026-08-29T06:53:17.624+03:00  INFO 7572 --- [karvya-store] [pool-3-thread-5] c.k.s.a.order.PlaceOrderService          : Order KV-260829-4TK8 placed with 1 lines, total 1650.00
[ERROR] Tests run: 1, Failures: 1, Errors: 0, Skipped: 0, Time elapsed: 17.79 s <<< FAILURE! -- in com.karvya.store.web.OrderIntegrationTest
[ERROR] com.karvya.store.web.OrderIntegrationTest.concurrentCheckoutsCannotOversell -- Time elapsed: 1.057 s <<< FAILURE!
org.opentest4j.AssertionFailedError: 
[exactly the available units should sell] 
expected: 3
 but was: 2
	at com.karvya.store.web.OrderIntegrationTest.concurrentCheckoutsCannotOversell(OrderIntegrationTest.java:294)
	at java.base/java.lang.reflect.Method.invoke(Method.java:580)
	at java.base/java.util.ArrayList.forEach(ArrayList.java:1596)
	at java.base/java.util.ArrayList.forEach(ArrayList.java:1596)

[INFO] 
[INFO] Results:
[INFO] 
[ERROR] Failures: 
[ERROR]   OrderIntegrationTest.concurrentCheckoutsCannotOversell:294 [exactly the available units should sell] 
expected: 3
 but was: 2
[INFO] 
[ERROR] Tests run: 1, Failures: 1, Errors: 0, Skipped: 0
[INFO] 
[INFO] ------------------------------------------------------------------------
[INFO] BUILD FAILURE
[INFO] ------------------------------------------------------------------------
[INFO] Total time:  21.648 s
[INFO] Finished at: 2026-08-29T06:53:18+03:00
[INFO] ------------------------------------------------------------------------
[ERROR] Failed to execute goal org.apache.maven.plugins:maven-surefire-plugin:3.5.3:test (default-test) on project karvya-store: There are test failures.
[ERROR] 
[ERROR] See E:\karvya\backend\target\surefire-reports for the individual test results.
[ERROR] See dump files (if any exist) [date].dump, [date]-jvmRun[N].dump and [date].dumpstream.
[ERROR] -> [Help 1]
[ERROR] 
[ERROR] To see the full stack trace of the errors, re-run Maven with the -e switch.
[ERROR] Re-run Maven using the -X switch to enable full debug logging.
[ERROR] 
[ERROR] For more information about the errors and possible solutions, please read the following articles:
[ERROR] [Help 1] http://cwiki.apache.org/confluence/display/MAVEN/MojoFailureException
