[INFO] Scanning for projects...
[INFO] 
[INFO] ----------------------< com.karvya:karvya-store >-----------------------
[INFO] Building karvya-store 1.0.0-SNAPSHOT
[INFO]   from pom.xml
[INFO] --------------------------------[ jar ]---------------------------------
[INFO] 
[INFO] --- resources:3.3.1:resources (default-resources) @ karvya-store ---
[INFO] Copying 3 resources from src\main\resources to target\classes
[INFO] Copying 3 resources from src\main\resources to target\classes
[INFO] 
[INFO] --- compiler:3.14.0:compile (default-compile) @ karvya-store ---
[INFO] Nothing to compile - all classes are up to date.
[INFO] 
[INFO] --- resources:3.3.1:testResources (default-testResources) @ karvya-store ---
[INFO] Copying 1 resource from src\test\resources to target\test-classes
[INFO] 
[INFO] --- compiler:3.14.0:testCompile (default-testCompile) @ karvya-store ---
[INFO] Nothing to compile - all classes are up to date.
[INFO] 
[INFO] --- surefire:3.5.3:test (default-test) @ karvya-store ---
[INFO] Using auto detected provider org.apache.maven.surefire.junitplatform.JUnitPlatformProvider
[INFO] 
[INFO] -------------------------------------------------------
[INFO]  T E S T S
[INFO] -------------------------------------------------------
[INFO] Running com.karvya.store.web.AuthIntegrationTest
06:37:20.986 [main] INFO org.springframework.test.context.support.AnnotationConfigContextLoaderUtils -- Could not detect default configuration classes for test class [com.karvya.store.web.AuthIntegrationTest]: AuthIntegrationTest does not declare any static, non-private, non-final, nested classes annotated with @Configuration.
06:37:21.313 [main] INFO org.springframework.boot.test.context.SpringBootTestContextBootstrapper -- Found @SpringBootConfiguration com.karvya.store.KarvyaApplication for test class com.karvya.store.web.AuthIntegrationTest
06:37:21.531 [main] INFO org.testcontainers.images.PullPolicy -- Image pull policy will be performed by: DefaultPullPolicy()
06:37:21.536 [main] INFO org.testcontainers.utility.ImageNameSubstitutor -- Image name substitution will be performed by: DefaultImageNameSubstitutor (composite of 'ConfigurationFileImageNameSubstitutor' and 'PrefixingImageNameSubstitutor')
06:37:21.616 [main] INFO org.testcontainers.DockerClientFactory -- Testcontainers version: 1.21.3
06:37:21.845 [main] INFO org.testcontainers.dockerclient.DockerClientProviderStrategy -- Loaded org.testcontainers.dockerclient.NpipeSocketClientProviderStrategy from ~/.testcontainers.properties, will try it first
06:37:22.269 [main] INFO org.testcontainers.dockerclient.DockerClientProviderStrategy -- Found Docker environment with local Npipe socket (npipe:////./pipe/docker_engine)
06:37:22.272 [main] INFO org.testcontainers.DockerClientFactory -- Docker host IP address is localhost
06:37:22.303 [main] INFO org.testcontainers.DockerClientFactory -- Connected to docker: 
  Server Version: 28.3.2
  API Version: 1.51
  Operating System: Docker Desktop
  Total Memory: 7818 MB
  Labels: 
    com.docker.desktop.address=npipe://\\.\pipe\docker_cli
06:37:22.437 [main] INFO tc.testcontainers/ryuk:0.12.0 -- Creating container for image: testcontainers/ryuk:0.12.0
06:37:22.579 [main] INFO org.testcontainers.utility.RegistryAuthLocator -- Credential helper/store (docker-credential-desktop) does not have credentials for https://index.docker.io/v1/
06:37:22.768 [main] INFO tc.testcontainers/ryuk:0.12.0 -- Container testcontainers/ryuk:0.12.0 is starting: 87261568cf4e41c9f2d606d3dc2be5fbd4e9b8afa96b9fbbe17c3282fc2a2415
06:37:23.336 [main] INFO tc.testcontainers/ryuk:0.12.0 -- Container testcontainers/ryuk:0.12.0 started in PT0.8994419S
06:37:23.348 [main] INFO org.testcontainers.utility.RyukResourceReaper -- Ryuk started - will monitor and terminate Testcontainers containers on JVM exit
06:37:23.349 [main] INFO org.testcontainers.DockerClientFactory -- Checking the system...
06:37:23.350 [main] INFO org.testcontainers.DockerClientFactory -- ?? Docker server version should be at least 1.6.0
06:37:23.352 [main] INFO tc.postgres:17.5-alpine -- Creating container for image: postgres:17.5-alpine
06:37:23.528 [main] INFO tc.postgres:17.5-alpine -- Container postgres:17.5-alpine is starting: 531fe9fdeb6c31d259d19cd9f3f7ea51a98b2d55aaa3bbbfa78c3ed46556e75b
06:37:25.440 [main] INFO tc.postgres:17.5-alpine -- Container postgres:17.5-alpine started in PT2.0881887S
06:37:25.442 [main] INFO tc.postgres:17.5-alpine -- Container is started (JDBC URL: jdbc:postgresql://localhost:61498/karvya_test?loggerLevel=OFF)

  .   ____          _            __ _ _
 /\\ / ___'_ __ _ _(_)_ __  __ _ \ \ \ \
( ( )\___ | '_ | '_| | '_ \/ _` | \ \ \ \
 \\/  ___)| |_)| | | | | || (_| |  ) ) ) )
  '  |____| .__|_| |_|_| |_\__, | / / / /
 =========|_|==============|___/=/_/_/_/

 :: Spring Boot ::                (v3.5.4)

2026-08-29T06:37:25.955+03:00  INFO 19588 --- [karvya-store] [           main] c.karvya.store.web.AuthIntegrationTest   : Starting AuthIntegrationTest using Java 21.0.8 with PID 19588 (started by Dell in E:\karvya\backend)
2026-08-29T06:37:25.956+03:00  INFO 19588 --- [karvya-store] [           main] c.karvya.store.web.AuthIntegrationTest   : The following 1 profile is active: "test"
2026-08-29T06:37:36.562+03:00  WARN 19588 --- [karvya-store] [           main] o.s.w.s.resource.ResourceHandlerUtils    : Appended trailing slash to static resource location: file:///E:/karvya/backend/target/test-media/
2026-08-29T06:37:37.278+03:00  WARN 19588 --- [karvya-store] [           main] ion$DefaultTemplateResolverConfiguration : Cannot find template location: classpath:/templates/ (please add some templates, check your Thymeleaf configuration, or set spring.thymeleaf.check-template-location=false)
2026-08-29T06:37:38.290+03:00  INFO 19588 --- [karvya-store] [           main] c.karvya.store.web.AuthIntegrationTest   : Started AuthIntegrationTest in 12.805 seconds (process running for 18.404)
Mockito is currently self-attaching to enable the inline-mock-maker. This will no longer work in future releases of the JDK. Please add Mockito as an agent to your build as described in Mockito's documentation: https://javadoc.io/doc/org.mockito/mockito-core/latest/org.mockito/org/mockito/Mockito.html#0.3
WARNING: A Java agent has been loaded dynamically (C:\Users\Dell\.m2\repository\net\bytebuddy\byte-buddy-agent\1.17.6\byte-buddy-agent-1.17.6.jar)
WARNING: If a serviceability tool is in use, please run with -XX:+EnableDynamicAgentLoading to hide this warning
WARNING: If a serviceability tool is not in use, please run with -Djdk.instrument.traceUsage for more information
WARNING: Dynamic loading of agents will be disallowed by default in a future release
OpenJDK 64-Bit Server VM warning: Sharing is only supported for boot loader classes because bootstrap classpath has been appended
2026-08-29T06:37:40.177+03:00  INFO 19588 --- [karvya-store] [           main] com.karvya.store.web.AuthController      : Failed sign-in attempt from 127.0.0.1
2026-08-29T06:37:40.273+03:00  INFO 19588 --- [karvya-store] [           main] com.karvya.store.web.AuthController      : Failed sign-in attempt from 127.0.0.1
2026-08-29T06:37:41.338+03:00  INFO 19588 --- [karvya-store] [           main] com.karvya.store.web.AuthController      : Failed sign-in attempt from 127.0.0.1
2026-08-29T06:37:41.444+03:00  INFO 19588 --- [karvya-store] [           main] com.karvya.store.web.AuthController      : Failed sign-in attempt from 127.0.0.1
2026-08-29T06:37:41.549+03:00  INFO 19588 --- [karvya-store] [           main] com.karvya.store.web.AuthController      : Failed sign-in attempt from 127.0.0.1
2026-08-29T06:37:41.647+03:00  INFO 19588 --- [karvya-store] [           main] com.karvya.store.web.AuthController      : Failed sign-in attempt from 127.0.0.1
2026-08-29T06:37:41.744+03:00  INFO 19588 --- [karvya-store] [           main] com.karvya.store.web.AuthController      : Failed sign-in attempt from 127.0.0.1
2026-08-29T06:37:41.774+03:00  INFO 19588 --- [karvya-store] [           main] com.karvya.store.web.AuthController      : Failed sign-in attempt from 127.0.0.1
2026-08-29T06:37:41.910+03:00  INFO 19588 --- [karvya-store] [           main] c.k.s.a.identity.PasswordResetService    : Password reset issued for account 8
2026-08-29T06:37:42.856+03:00  INFO 19588 --- [karvya-store] [           main] c.k.s.a.identity.PasswordResetService    : Password reset issued for account 10
2026-08-29T06:37:42.963+03:00  INFO 19588 --- [karvya-store] [           main] c.k.s.a.identity.PasswordResetService    : Password reset completed for account 10
2026-08-29T06:37:43.075+03:00  INFO 19588 --- [karvya-store] [           main] com.karvya.store.web.AuthController      : Failed sign-in attempt from 127.0.0.1
2026-08-29T06:37:43.312+03:00  INFO 19588 --- [karvya-store] [           main] c.k.s.a.identity.PasswordResetService    : Password reset issued for account 11
[INFO] Tests run: 15, Failures: 0, Errors: 0, Skipped: 0, Time elapsed: 22.88 s -- in com.karvya.store.web.AuthIntegrationTest
[INFO] Running com.karvya.store.web.CartIntegrationTest
[INFO] Tests run: 16, Failures: 0, Errors: 0, Skipped: 0, Time elapsed: 3.487 s -- in com.karvya.store.web.CartIntegrationTest
[INFO] Running com.karvya.store.web.CatalogApiIntegrationTest
[INFO] Tests run: 12, Failures: 0, Errors: 0, Skipped: 0, Time elapsed: 0.636 s -- in com.karvya.store.web.CatalogApiIntegrationTest
[INFO] 
[INFO] Results:
[INFO] 
[INFO] Tests run: 43, Failures: 0, Errors: 0, Skipped: 0
[INFO] 
[INFO] ------------------------------------------------------------------------
[INFO] BUILD SUCCESS
[INFO] ------------------------------------------------------------------------
[INFO] Total time:  31.830 s
[INFO] Finished at: 2026-08-29T06:37:48+03:00
[INFO] ------------------------------------------------------------------------
