[INFO] Scanning for projects...
[INFO] 
[INFO] ----------------------< com.karvya:karvya-store >-----------------------
[INFO] Building karvya-store 1.0.0-SNAPSHOT
[INFO]   from pom.xml
[INFO] --------------------------------[ jar ]---------------------------------
[INFO] 
[INFO] --- resources:3.3.1:resources (default-resources) @ karvya-store ---
[INFO] Copying 3 resources from src\main\resources to target\classes
[INFO] Copying 8 resources from src\main\resources to target\classes
[INFO] 
[INFO] --- compiler:3.14.0:compile (default-compile) @ karvya-store ---
[INFO] Nothing to compile - all classes are up to date.
[INFO] 
[INFO] --- resources:3.3.1:testResources (default-testResources) @ karvya-store ---
[INFO] Copying 1 resource from src\test\resources to target\test-classes
[INFO] 
[INFO] --- compiler:3.14.0:testCompile (default-testCompile) @ karvya-store ---
[INFO] Nothing to compile - all classes are up to date.
[INFO] 
[INFO] --- surefire:3.5.3:test (default-test) @ karvya-store ---
[INFO] Using auto detected provider org.apache.maven.surefire.junitplatform.JUnitPlatformProvider
[INFO] 
[INFO] -------------------------------------------------------
[INFO]  T E S T S
[INFO] -------------------------------------------------------
[INFO] Running com.karvya.store.media.ImageUploadValidatorTest
[INFO] Tests run: 10, Failures: 0, Errors: 0, Skipped: 0, Time elapsed: 0.811 s -- in com.karvya.store.media.ImageUploadValidatorTest
[INFO] Running com.karvya.store.notification.NotificationIntegrationTest
08:01:42.528 [main] INFO org.springframework.test.context.support.AnnotationConfigContextLoaderUtils -- Could not detect default configuration classes for test class [com.karvya.store.notification.NotificationIntegrationTest]: NotificationIntegrationTest does not declare any static, non-private, non-final, nested classes annotated with @Configuration.
08:01:42.849 [main] INFO org.springframework.boot.test.context.SpringBootTestContextBootstrapper -- Found @SpringBootConfiguration com.karvya.store.KarvyaApplication for test class com.karvya.store.notification.NotificationIntegrationTest
08:01:43.138 [main] INFO org.testcontainers.images.PullPolicy -- Image pull policy will be performed by: DefaultPullPolicy()
08:01:43.143 [main] INFO org.testcontainers.utility.ImageNameSubstitutor -- Image name substitution will be performed by: DefaultImageNameSubstitutor (composite of 'ConfigurationFileImageNameSubstitutor' and 'PrefixingImageNameSubstitutor')
08:01:43.157 [main] INFO org.testcontainers.DockerClientFactory -- Testcontainers version: 1.21.3
08:01:43.508 [main] INFO org.testcontainers.dockerclient.DockerClientProviderStrategy -- Loaded org.testcontainers.dockerclient.NpipeSocketClientProviderStrategy from ~/.testcontainers.properties, will try it first
08:01:44.272 [main] INFO org.testcontainers.dockerclient.DockerClientProviderStrategy -- Found Docker environment with local Npipe socket (npipe:////./pipe/docker_engine)
08:01:44.273 [main] INFO org.testcontainers.DockerClientFactory -- Docker host IP address is localhost
08:01:44.306 [main] INFO org.testcontainers.DockerClientFactory -- Connected to docker: 
  Server Version: 28.3.2
  API Version: 1.51
  Operating System: Docker Desktop
  Total Memory: 7818 MB
  Labels: 
    com.docker.desktop.address=npipe://\\.\pipe\docker_cli
08:01:44.430 [main] INFO tc.testcontainers/ryuk:0.12.0 -- Creating container for image: testcontainers/ryuk:0.12.0
08:01:44.740 [main] INFO org.testcontainers.utility.RegistryAuthLocator -- Credential helper/store (docker-credential-desktop) does not have credentials for https://index.docker.io/v1/
08:01:45.037 [main] INFO tc.testcontainers/ryuk:0.12.0 -- Container testcontainers/ryuk:0.12.0 is starting: 085292ca54b50683232e3b90c8fc5fd3f36d6633263253f7db06fb9488257678
08:01:45.683 [main] INFO tc.testcontainers/ryuk:0.12.0 -- Container testcontainers/ryuk:0.12.0 started in PT1.2531237S
08:01:45.696 [main] INFO org.testcontainers.utility.RyukResourceReaper -- Ryuk started - will monitor and terminate Testcontainers containers on JVM exit
08:01:45.696 [main] INFO org.testcontainers.DockerClientFactory -- Checking the system...
08:01:45.697 [main] INFO org.testcontainers.DockerClientFactory -- ?? Docker server version should be at least 1.6.0
08:01:45.698 [main] INFO tc.postgres:17.5-alpine -- Creating container for image: postgres:17.5-alpine
08:01:45.819 [main] INFO tc.postgres:17.5-alpine -- Container postgres:17.5-alpine is starting: ed4c8cc7e32a2da23c432c725d13b94880fa3229d51bbadde2adb0fd54a7b4db
08:01:47.854 [main] INFO tc.postgres:17.5-alpine -- Container postgres:17.5-alpine started in PT2.1553597S
08:01:47.855 [main] INFO tc.postgres:17.5-alpine -- Container is started (JDBC URL: jdbc:postgresql://localhost:59888/karvya_test?loggerLevel=OFF)

  .   ____          _            __ _ _
 /\\ / ___'_ __ _ _(_)_ __  __ _ \ \ \ \
( ( )\___ | '_ | '_| | '_ \/ _` | \ \ \ \
 \\/  ___)| |_)| | | | | || (_| |  ) ) ) )
  '  |____| .__|_| |_|_| |_\__, | / / / /
 =========|_|==============|___/=/_/_/_/

 :: Spring Boot ::                (v3.5.4)

2026-08-29T08:01:48.839+03:00  INFO 21180 --- [karvya-store] [           main] c.k.s.n.NotificationIntegrationTest      : Starting NotificationIntegrationTest using Java 21.0.8 with PID 21180 (started by Dell in E:\karvya\backend)
2026-08-29T08:01:48.842+03:00  INFO 21180 --- [karvya-store] [           main] c.k.s.n.NotificationIntegrationTest      : The following 1 profile is active: "test"
2026-08-29T08:02:06.158+03:00  INFO 21180 --- [karvya-store] [           main] c.k.s.i.media.LocalFileSystemStorage     : Media directory: E:\karvya\backend\target\test-media
2026-08-29T08:02:09.643+03:00  INFO 21180 --- [karvya-store] [           main] c.k.s.n.NotificationIntegrationTest      : Started NotificationIntegrationTest in 21.728 seconds (process running for 29.121)
2026-08-29T08:02:10.051+03:00  WARN 21180 --- [karvya-store] [           main] c.k.s.i.c.BootstrapAdminInitializer      : No administrator exists and APP_ADMIN_PASSWORD is not set. Set APP_ADMIN_USERNAME, APP_ADMIN_EMAIL and APP_ADMIN_PASSWORD, then restart, to create the first administrator.
Mockito is currently self-attaching to enable the inline-mock-maker. This will no longer work in future releases of the JDK. Please add Mockito as an agent to your build as described in Mockito's documentation: https://javadoc.io/doc/org.mockito/mockito-core/latest/org.mockito/org/mockito/Mockito.html#0.3
OpenJDK 64-Bit Server VM warning: Sharing is only supported for boot loader classes because bootstrap classpath has been appended
WARNING: A Java agent has been loaded dynamically (C:\Users\Dell\.m2\repository\net\bytebuddy\byte-buddy-agent\1.17.6\byte-buddy-agent-1.17.6.jar)
WARNING: If a serviceability tool is in use, please run with -XX:+EnableDynamicAgentLoading to hide this warning
WARNING: If a serviceability tool is not in use, please run with -Djdk.instrument.traceUsage for more information
WARNING: Dynamic loading of agents will be disallowed by default in a future release
2026-08-29T08:02:11.434+03:00  INFO 21180 --- [karvya-store] [           main] c.k.s.a.order.PlaceOrderService          : Order KV-260829-FC60 placed with 1 lines, total 1250.00
2026-08-29T08:02:12.188+03:00  WARN 21180 --- [karvya-store] [           main] c.k.s.a.n.NotificationDispatcher         : Notification 1 to admin@karvya.local failed (attempt 1), next try at 2026-08-29T05:04:12.188728200Z
2026-08-29T08:02:12.211+03:00  WARN 21180 --- [karvya-store] [           main] c.k.s.a.n.NotificationDispatcher         : Notification 2 to asha@example.com failed (attempt 1), next try at 2026-08-29T05:04:12.211036900Z
2026-08-29T08:02:12.426+03:00  INFO 21180 --- [karvya-store] [           main] c.k.s.a.order.PlaceOrderService          : Order KV-260829-NVK5 placed with 1 lines, total 1250.00
2026-08-29T08:02:12.451+03:00  WARN 21180 --- [karvya-store] [           main] c.k.s.a.n.NotificationDispatcher         : Notification 3 to admin@karvya.local failed (attempt 1), next try at 2026-08-29T05:04:12.451842600Z
2026-08-29T08:02:12.459+03:00  WARN 21180 --- [karvya-store] [           main] c.k.s.a.n.NotificationDispatcher         : Notification 4 to asha@example.com failed (attempt 1), next try at 2026-08-29T05:04:12.459242600Z
2026-08-29T08:02:12.561+03:00  INFO 21180 --- [karvya-store] [           main] c.k.s.a.order.PlaceOrderService          : Order KV-260829-V5N0 placed with 1 lines, total 1250.00
2026-08-29T08:02:12.590+03:00  WARN 21180 --- [karvya-store] [           main] c.k.s.a.n.NotificationDispatcher         : Notification 5 to admin@karvya.local failed (attempt 1), next try at 2026-08-29T05:04:12.590961400Z
2026-08-29T08:02:12.615+03:00  WARN 21180 --- [karvya-store] [           main] c.k.s.a.n.NotificationDispatcher         : Notification 5 to admin@karvya.local failed (attempt 2), next try at 2026-08-29T05:06:12.615312700Z
2026-08-29T08:02:12.640+03:00 ERROR 21180 --- [karvya-store] [           main] c.k.s.a.n.NotificationDispatcher         : Notification 5 to admin@karvya.local failed permanently after 3 attempts: Simulated SMTP outage for admin@karvya.local
2026-08-29T08:02:12.833+03:00  INFO 21180 --- [karvya-store] [           main] c.k.s.a.order.PlaceOrderService          : Order KV-260829-JY8W placed with 1 lines, total 1250.00
2026-08-29T08:02:12.848+03:00  WARN 21180 --- [karvya-store] [           main] c.k.s.a.n.NotificationDispatcher         : Notification 6 to admin@karvya.local failed (attempt 1), next try at 2026-08-29T05:04:12.848461300Z
2026-08-29T08:02:12.878+03:00  WARN 21180 --- [karvya-store] [           main] c.k.s.a.n.NotificationDispatcher         : Notification 6 to admin@karvya.local failed (attempt 2), next try at 2026-08-29T05:06:12.878700400Z
2026-08-29T08:02:12.985+03:00  INFO 21180 --- [karvya-store] [           main] c.k.s.a.order.PlaceOrderService          : Order KV-260829-WCWN placed with 1 lines, total 1250.00
2026-08-29T08:02:13.111+03:00  INFO 21180 --- [karvya-store] [           main] c.k.s.a.order.PlaceOrderService          : Order KV-260829-4XW1 placed with 1 lines, total 1250.00
2026-08-29T08:02:13.215+03:00  INFO 21180 --- [karvya-store] [           main] c.k.s.a.order.PlaceOrderService          : Order KV-260829-XYTH placed with 1 lines, total 1250.00
[INFO] Tests run: 7, Failures: 0, Errors: 0, Skipped: 0, Time elapsed: 30.99 s -- in com.karvya.store.notification.NotificationIntegrationTest
[INFO] Running com.karvya.store.web.AdminCatalogueIntegrationTest

  .   ____          _            __ _ _
 /\\ / ___'_ __ _ _(_)_ __  __ _ \ \ \ \
( ( )\___ | '_ | '_| | '_ \/ _` | \ \ \ \
 \\/  ___)| |_)| | | | | || (_| |  ) ) ) )
  '  |____| .__|_| |_|_| |_\__, | / / / /
 =========|_|==============|___/=/_/_/_/

 :: Spring Boot ::                (v3.5.4)

2026-08-29T08:02:13.421+03:00  INFO 21180 --- [karvya-store] [           main] c.k.s.web.AdminCatalogueIntegrationTest  : Starting AdminCatalogueIntegrationTest using Java 21.0.8 with PID 21180 (started by Dell in E:\karvya\backend)
2026-08-29T08:02:13.421+03:00  INFO 21180 --- [karvya-store] [           main] c.k.s.web.AdminCatalogueIntegrationTest  : The following 1 profile is active: "test"
2026-08-29T08:02:16.193+03:00  INFO 21180 --- [karvya-store] [           main] c.k.s.i.media.LocalFileSystemStorage     : Media directory: E:\karvya\backend\target\test-media
2026-08-29T08:02:17.064+03:00  INFO 21180 --- [karvya-store] [           main] c.k.s.web.AdminCatalogueIntegrationTest  : Started AdminCatalogueIntegrationTest in 3.705 seconds (process running for 36.543)
2026-08-29T08:02:17.076+03:00  WARN 21180 --- [karvya-store] [           main] c.k.s.i.c.BootstrapAdminInitializer      : No administrator exists and APP_ADMIN_PASSWORD is not set. Set APP_ADMIN_USERNAME, APP_ADMIN_EMAIL and APP_ADMIN_PASSWORD, then restart, to create the first administrator.
2026-08-29T08:02:19.288+03:00  INFO 21180 --- [karvya-store] [           main] c.k.s.a.order.PlaceOrderService          : Order KV-260829-CCZN placed with 1 lines, total 1250.00
2026-08-29T08:02:20.102+03:00  INFO 21180 --- [karvya-store] [           main] c.k.s.a.enquiry.EnquiryService           : Enquiry 1 received from triage@example.com
2026-08-29T08:02:20.609+03:00  INFO 21180 --- [karvya-store] [           main] c.k.s.a.enquiry.EnquiryService           : Enquiry 2 received from priya@example.com
2026-08-29T08:02:21.678+03:00  INFO 21180 --- [karvya-store] [           main] c.k.s.a.enquiry.EnquiryService           : Discarded a contact submission that filled the honeypot, from 127.0.0.1
2026-08-29T08:02:22.432+03:00  INFO 21180 --- [karvya-store] [           main] c.k.s.a.admin.AdminProductService        : Added image products/kv-img-01/36824662-2070-4157-9380-554d95ecd7f6.png to product KV-IMG-01
2026-08-29T08:02:22.522+03:00  INFO 21180 --- [karvya-store] [           main] c.k.s.a.admin.AdminProductService        : Added image products/kv-img-01/7f776cef-1ef1-4140-bd44-f1d32c9113cf.png to product KV-IMG-01
[INFO] Tests run: 12, Failures: 0, Errors: 0, Skipped: 0, Time elapsed: 9.760 s -- in com.karvya.store.web.AdminCatalogueIntegrationTest
[INFO] Running com.karvya.store.web.AdminOrderIntegrationTest
2026-08-29T08:02:23.295+03:00  INFO 21180 --- [karvya-store] [           main] c.k.s.a.order.PlaceOrderService          : Order KV-260829-BZDT placed with 1 lines, total 1250.00
2026-08-29T08:02:25.460+03:00  INFO 21180 --- [karvya-store] [           main] c.k.s.a.order.PlaceOrderService          : Order KV-260829-GBD1 placed with 1 lines, total 1250.00
2026-08-29T08:02:26.081+03:00  INFO 21180 --- [karvya-store] [           main] c.k.s.a.order.PlaceOrderService          : Order KV-260829-3ZF4 placed with 1 lines, total 1250.00
2026-08-29T08:02:26.272+03:00  INFO 21180 --- [karvya-store] [           main] c.k.s.a.admin.AdminOrderService          : Order KV-260829-3ZF4 cancelled by admin18@example.test; returned 1 product lines to stock
2026-08-29T08:02:26.538+03:00  INFO 21180 --- [karvya-store] [           main] c.k.s.a.order.PlaceOrderService          : Order KV-260829-1Z7M placed with 1 lines, total 1900.00
2026-08-29T08:02:26.736+03:00  INFO 21180 --- [karvya-store] [pool-3-thread-6] c.k.s.a.admin.AdminOrderService          : Order KV-260829-1Z7M cancelled by admin19@example.test; returned 1 product lines to stock
2026-08-29T08:02:26.995+03:00  INFO 21180 --- [karvya-store] [           main] c.k.s.a.order.PlaceOrderService          : Order KV-260829-RTRR placed with 1 lines, total 1250.00
2026-08-29T08:02:27.445+03:00  INFO 21180 --- [karvya-store] [           main] c.k.s.a.order.PlaceOrderService          : Order KV-260829-0VBZ placed with 1 lines, total 1250.00
2026-08-29T08:02:27.850+03:00  INFO 21180 --- [karvya-store] [           main] c.k.s.a.order.PlaceOrderService          : Order KV-260829-A9MD placed with 1 lines, total 3750.00
2026-08-29T08:02:28.033+03:00  INFO 21180 --- [karvya-store] [           main] c.k.s.a.admin.AdminOrderService          : Order KV-260829-A9MD cancelled by admin22@example.test; returned 1 product lines to stock
2026-08-29T08:02:28.244+03:00  INFO 21180 --- [karvya-store] [           main] c.k.s.a.order.PlaceOrderService          : Order KV-260829-79A3 placed with 1 lines, total 1250.00
2026-08-29T08:02:28.884+03:00  INFO 21180 --- [karvya-store] [           main] c.k.s.a.order.PlaceOrderService          : Order KV-260829-SCWE placed with 1 lines, total 1250.00
2026-08-29T08:02:29.832+03:00  INFO 21180 --- [karvya-store] [           main] c.k.s.a.order.PlaceOrderService          : Order KV-260829-8CJM placed with 1 lines, total 1250.00
2026-08-29T08:02:30.308+03:00  INFO 21180 --- [karvya-store] [           main] c.k.s.a.order.PlaceOrderService          : Order KV-260829-XX17 placed with 1 lines, total 1250.00
[INFO] Tests run: 14, Failures: 0, Errors: 0, Skipped: 0, Time elapsed: 7.495 s -- in com.karvya.store.web.AdminOrderIntegrationTest
[INFO] Running com.karvya.store.web.AdminSettingsIntegrationTest
2026-08-29T08:02:32.094+03:00  INFO 21180 --- [karvya-store] [           main] c.k.s.a.admin.AdminSettingsService       : setadmin33@example.test updated 1 settings
2026-08-29T08:02:32.510+03:00  INFO 21180 --- [karvya-store] [           main] c.k.s.a.admin.AdminSettingsService       : setadmin34@example.test updated 1 settings
2026-08-29T08:02:33.054+03:00  INFO 21180 --- [karvya-store] [           main] c.k.s.a.admin.AdminCustomerService       : setadmin35@example.test disabled customer account 36
2026-08-29T08:02:33.078+03:00  INFO 21180 --- [karvya-store] [           main] com.karvya.store.web.AuthController      : Failed sign-in attempt from 127.0.0.1
2026-08-29T08:02:34.444+03:00  INFO 21180 --- [karvya-store] [           main] c.k.s.a.admin.AdminSettingsService       : setadmin39@example.test updated 1 settings
2026-08-29T08:02:35.070+03:00  INFO 21180 --- [karvya-store] [           main] c.k.s.a.identity.PasswordResetService    : Password reset issued for account 41
2026-08-29T08:02:35.070+03:00  INFO 21180 --- [karvya-store] [           main] c.k.s.a.admin.AdminCustomerService       : setadmin40@example.test triggered a password reset for customer 41
[INFO] Tests run: 12, Failures: 0, Errors: 0, Skipped: 0, Time elapsed: 5.259 s -- in com.karvya.store.web.AdminSettingsIntegrationTest
[INFO] Running com.karvya.store.web.AuthIntegrationTest
2026-08-29T08:02:36.799+03:00  INFO 21180 --- [karvya-store] [           main] com.karvya.store.web.AuthController      : Failed sign-in attempt from 127.0.0.1
2026-08-29T08:02:36.950+03:00  INFO 21180 --- [karvya-store] [           main] com.karvya.store.web.AuthController      : Failed sign-in attempt from 127.0.0.1
2026-08-29T08:02:38.146+03:00  INFO 21180 --- [karvya-store] [           main] com.karvya.store.web.AuthController      : Failed sign-in attempt from 127.0.0.1
2026-08-29T08:02:38.316+03:00  INFO 21180 --- [karvya-store] [           main] com.karvya.store.web.AuthController      : Failed sign-in attempt from 127.0.0.1
2026-08-29T08:02:38.464+03:00  INFO 21180 --- [karvya-store] [           main] com.karvya.store.web.AuthController      : Failed sign-in attempt from 127.0.0.1
2026-08-29T08:02:38.604+03:00  INFO 21180 --- [karvya-store] [           main] com.karvya.store.web.AuthController      : Failed sign-in attempt from 127.0.0.1
2026-08-29T08:02:38.737+03:00  INFO 21180 --- [karvya-store] [           main] com.karvya.store.web.AuthController      : Failed sign-in attempt from 127.0.0.1
2026-08-29T08:02:38.752+03:00  INFO 21180 --- [karvya-store] [           main] com.karvya.store.web.AuthController      : Failed sign-in attempt from 127.0.0.1
2026-08-29T08:02:38.916+03:00  INFO 21180 --- [karvya-store] [           main] c.k.s.a.identity.PasswordResetService    : Password reset issued for account 51
2026-08-29T08:02:40.210+03:00  INFO 21180 --- [karvya-store] [           main] c.k.s.a.identity.PasswordResetService    : Password reset issued for account 53
2026-08-29T08:02:40.356+03:00  INFO 21180 --- [karvya-store] [           main] c.k.s.a.identity.PasswordResetService    : Password reset completed for account 53
2026-08-29T08:02:40.509+03:00  INFO 21180 --- [karvya-store] [           main] com.karvya.store.web.AuthController      : Failed sign-in attempt from 127.0.0.1
2026-08-29T08:02:40.834+03:00  INFO 21180 --- [karvya-store] [           main] c.k.s.a.identity.PasswordResetService    : Password reset issued for account 54
[INFO] Tests run: 15, Failures: 0, Errors: 0, Skipped: 0, Time elapsed: 5.476 s -- in com.karvya.store.web.AuthIntegrationTest
[INFO] Running com.karvya.store.web.CartIntegrationTest
[INFO] Tests run: 16, Failures: 0, Errors: 0, Skipped: 0, Time elapsed: 3.961 s -- in com.karvya.store.web.CartIntegrationTest
[INFO] Running com.karvya.store.web.CatalogApiIntegrationTest
[INFO] Tests run: 12, Failures: 0, Errors: 0, Skipped: 0, Time elapsed: 0.563 s -- in com.karvya.store.web.CatalogApiIntegrationTest
[INFO] Running com.karvya.store.web.OrderIntegrationTest
2026-08-29T08:02:45.895+03:00  INFO 21180 --- [karvya-store] [pool-4-thread-2] c.k.s.a.order.PlaceOrderService          : Order KV-260829-G649 placed with 1 lines, total 1650.00
2026-08-29T08:02:45.933+03:00  INFO 21180 --- [karvya-store] [pool-4-thread-3] c.k.s.a.order.PlaceOrderService          : Order KV-260829-N1VX placed with 1 lines, total 1650.00
2026-08-29T08:02:45.964+03:00  INFO 21180 --- [karvya-store] [pool-4-thread-1] c.k.s.a.order.PlaceOrderService          : Order KV-260829-0ZY0 placed with 1 lines, total 1650.00
2026-08-29T08:02:46.122+03:00  INFO 21180 --- [karvya-store] [           main] c.k.s.a.order.PlaceOrderService          : Order KV-260829-6N5M placed with 1 lines, total 2500.00
2026-08-29T08:02:46.222+03:00  INFO 21180 --- [karvya-store] [           main] c.k.s.a.order.PlaceOrderService          : Order KV-260829-F3FH placed with 1 lines, total 2500.00
2026-08-29T08:02:46.701+03:00  INFO 21180 --- [karvya-store] [           main] c.k.s.a.order.PlaceOrderService          : Order KV-260829-D3YJ placed with 1 lines, total 1250.00
2026-08-29T08:02:46.738+03:00  WARN 21180 --- [karvya-store] [           main] org.hibernate.orm.query                  : HHH90003004: firstResult/maxResults specified with collection fetch; applying in memory
2026-08-29T08:02:46.832+03:00  INFO 21180 --- [karvya-store] [           main] c.k.s.a.order.PlaceOrderService          : Order KV-260829-KXS5 placed with 1 lines, total 1250.00
2026-08-29T08:02:46.901+03:00  INFO 21180 --- [karvya-store] [           main] c.k.s.a.order.PlaceOrderService          : Order KV-260829-7MKN placed with 1 lines, total 1250.00
2026-08-29T08:02:47.672+03:00  INFO 21180 --- [karvya-store] [           main] c.k.s.a.order.PlaceOrderService          : Order KV-260829-M6RZ placed with 1 lines, total 1250.00
2026-08-29T08:02:47.704+03:00  WARN 21180 --- [karvya-store] [           main] org.hibernate.orm.query                  : HHH90003004: firstResult/maxResults specified with collection fetch; applying in memory
2026-08-29T08:02:47.794+03:00  INFO 21180 --- [karvya-store] [           main] c.k.s.a.order.PlaceOrderService          : Order KV-260829-TA42 placed with 1 lines, total 1250.00
2026-08-29T08:02:48.021+03:00  INFO 21180 --- [karvya-store] [           main] c.k.s.a.order.PlaceOrderService          : Order KV-260829-NT6W placed with 1 lines, total 950.00
2026-08-29T08:02:48.155+03:00  INFO 21180 --- [karvya-store] [           main] c.k.s.a.order.PlaceOrderService          : Order KV-260829-V30W placed with 1 lines, total 1250.00
[INFO] Tests run: 13, Failures: 0, Errors: 0, Skipped: 0, Time elapsed: 2.394 s -- in com.karvya.store.web.OrderIntegrationTest
[INFO] 
[INFO] Results:
[INFO] 
[INFO] Tests run: 111, Failures: 0, Errors: 0, Skipped: 0
[INFO] 
[INFO] ------------------------------------------------------------------------
[INFO] BUILD SUCCESS
[INFO] ------------------------------------------------------------------------
[INFO] Total time:  01:10 min
[INFO] Finished at: 2026-08-29T08:02:48+03:00
[INFO] ------------------------------------------------------------------------
